// Jest Snapshot v1, https://goo.gl/fbAQLP

exports[`HeaderBar display the received text 1`] = `
<div
  className="makeStyles-root-1"
>
  <WithStyles(ForwardRef(AppBar))
    color="default"
    position="static"
  >
    <WithStyles(ForwardRef(Toolbar))>
      <WithStyles(ForwardRef(Typography))
        color="inherit"
        variant="h6"
      >
        this is test
      </WithStyles(ForwardRef(Typography))>
    </WithStyles(ForwardRef(Toolbar))>
  </WithStyles(ForwardRef(AppBar))>
</div>
`;

exports[`HeaderBar has an AppBar 1`] = `
<div
  className="makeStyles-root-1"
>
  <WithStyles(ForwardRef(AppBar))
    color="default"
    position="static"
  >
    <WithStyles(ForwardRef(Toolbar))>
      <WithStyles(ForwardRef(Typography))
        color="inherit"
        variant="h6"
      >
        this is test
      </WithStyles(ForwardRef(Typography))>
    </WithStyles(ForwardRef(Toolbar))>
  </WithStyles(ForwardRef(AppBar))>
</div>
`;
