// Jest Snapshot v1, https://goo.gl/fbAQLP

exports[`<WordListContainer /> has Progress indication and Paper will appear after loading 1`] = `"<div class=\\"makeStyles-wordListContainer-2\\"><div class=\\"MuiPaper-root MuiPaper-elevation1 makeStyles-paper-3 MuiPaper-rounded\\" id=\\"100\\"><div class=\\"MuiGrid-root MuiGrid-container MuiGrid-spacing-xs-2\\"><div class=\\"MuiGrid-root MuiGrid-item\\"><h1 class=\\"word_id\\">100</h1></div><div class=\\"MuiGrid-root MuiGrid-container MuiGrid-item MuiGrid-grid-xs-12 MuiGrid-grid-sm-true\\"><div class=\\"MuiGrid-root MuiGrid-container MuiGrid-spacing-xs-2 MuiGrid-item MuiGrid-direction-xs-column MuiGrid-grid-xs-true\\"><div class=\\"MuiGrid-root MuiGrid-item MuiGrid-grid-xs-true\\"><h3 class=\\"word_word\\">sucess_word_1_0</h3><h3 class=\\"word_meaning\\">success_meaning_1_0</h3></div></div></div></div></div><div class=\\"MuiPaper-root MuiPaper-elevation1 makeStyles-paper-3 MuiPaper-rounded\\" id=\\"200\\"><div class=\\"MuiGrid-root MuiGrid-container MuiGrid-spacing-xs-2\\"><div class=\\"MuiGrid-root MuiGrid-item\\"><h1 class=\\"word_id\\">200</h1></div><div class=\\"MuiGrid-root MuiGrid-container MuiGrid-item MuiGrid-grid-xs-12 MuiGrid-grid-sm-true\\"><div class=\\"MuiGrid-root MuiGrid-container MuiGrid-spacing-xs-2 MuiGrid-item MuiGrid-direction-xs-column MuiGrid-grid-xs-true\\"><div class=\\"MuiGrid-root MuiGrid-item MuiGrid-grid-xs-true\\"><h3 class=\\"word_word\\">sucess_word_2_0</h3><h3 class=\\"word_meaning\\">success_meaning_2_0</h3></div></div></div></div></div><div class=\\"MuiPaper-root MuiPaper-elevation1 makeStyles-paper-3 MuiPaper-rounded\\" id=\\"300\\"><div class=\\"MuiGrid-root MuiGrid-container MuiGrid-spacing-xs-2\\"><div class=\\"MuiGrid-root MuiGrid-item\\"><h1 class=\\"word_id\\">300</h1></div><div class=\\"MuiGrid-root MuiGrid-container MuiGrid-item MuiGrid-grid-xs-12 MuiGrid-grid-sm-true\\"><div class=\\"MuiGrid-root MuiGrid-container MuiGrid-spacing-xs-2 MuiGrid-item MuiGrid-direction-xs-column MuiGrid-grid-xs-true\\"><div class=\\"MuiGrid-root MuiGrid-item MuiGrid-grid-xs-true\\"><h3 class=\\"word_word\\">sucess_word_3_0</h3><h3 class=\\"word_meaning\\">success_meaning_3_0</h3></div></div></div></div></div><div class=\\"MuiPaper-root MuiPaper-elevation1 makeStyles-paper-3 MuiPaper-rounded\\" id=\\"400\\"><div class=\\"MuiGrid-root MuiGrid-container MuiGrid-spacing-xs-2\\"><div class=\\"MuiGrid-root MuiGrid-item\\"><h1 class=\\"word_id\\">400</h1></div><div class=\\"MuiGrid-root MuiGrid-container MuiGrid-item MuiGrid-grid-xs-12 MuiGrid-grid-sm-true\\"><div class=\\"MuiGrid-root MuiGrid-container MuiGrid-spacing-xs-2 MuiGrid-item MuiGrid-direction-xs-column MuiGrid-grid-xs-true\\"><div class=\\"MuiGrid-root MuiGrid-item MuiGrid-grid-xs-true\\"><h3 class=\\"word_word\\">sucess_word_4_0</h3><h3 class=\\"word_meaning\\">success_meaning_4_0</h3></div></div></div></div></div><div class=\\"MuiPaper-root MuiPaper-elevation1 makeStyles-paper-3 MuiPaper-rounded\\" id=\\"500\\"><div class=\\"MuiGrid-root MuiGrid-container MuiGrid-spacing-xs-2\\"><div class=\\"MuiGrid-root MuiGrid-item\\"><h1 class=\\"word_id\\">500</h1></div><div class=\\"MuiGrid-root MuiGrid-container MuiGrid-item MuiGrid-grid-xs-12 MuiGrid-grid-sm-true\\"><div class=\\"MuiGrid-root MuiGrid-container MuiGrid-spacing-xs-2 MuiGrid-item MuiGrid-direction-xs-column MuiGrid-grid-xs-true\\"><div class=\\"MuiGrid-root MuiGrid-item MuiGrid-grid-xs-true\\"><h3 class=\\"word_word\\">sucess_word_5_0</h3><h3 class=\\"word_meaning\\">success_meaning_5_0</h3></div></div></div></div></div><div class=\\"MuiPaper-root MuiPaper-elevation1 makeStyles-paper-3 MuiPaper-rounded\\" id=\\"600\\"><div class=\\"MuiGrid-root MuiGrid-container MuiGrid-spacing-xs-2\\"><div class=\\"MuiGrid-root MuiGrid-item\\"><h1 class=\\"word_id\\">600</h1></div><div class=\\"MuiGrid-root MuiGrid-container MuiGrid-item MuiGrid-grid-xs-12 MuiGrid-grid-sm-true\\"><div class=\\"MuiGrid-root MuiGrid-container MuiGrid-spacing-xs-2 MuiGrid-item MuiGrid-direction-xs-column MuiGrid-grid-xs-true\\"><div class=\\"MuiGrid-root MuiGrid-item MuiGrid-grid-xs-true\\"><h3 class=\\"word_word\\">sucess_word_6_0</h3><h3 class=\\"word_meaning\\">success_meaning_6_0</h3></div></div></div></div></div><div class=\\"MuiPaper-root MuiPaper-elevation1 makeStyles-paper-3 MuiPaper-rounded\\" id=\\"700\\"><div class=\\"MuiGrid-root MuiGrid-container MuiGrid-spacing-xs-2\\"><div class=\\"MuiGrid-root MuiGrid-item\\"><h1 class=\\"word_id\\">700</h1></div><div class=\\"MuiGrid-root MuiGrid-container MuiGrid-item MuiGrid-grid-xs-12 MuiGrid-grid-sm-true\\"><div class=\\"MuiGrid-root MuiGrid-container MuiGrid-spacing-xs-2 MuiGrid-item MuiGrid-direction-xs-column MuiGrid-grid-xs-true\\"><div class=\\"MuiGrid-root MuiGrid-item MuiGrid-grid-xs-true\\"><h3 class=\\"word_word\\">sucess_word_7_0</h3><h3 class=\\"word_meaning\\">success_meaning_7_0</h3></div></div></div></div></div><div class=\\"MuiPaper-root MuiPaper-elevation1 makeStyles-paper-3 MuiPaper-rounded\\" id=\\"800\\"><div class=\\"MuiGrid-root MuiGrid-container MuiGrid-spacing-xs-2\\"><div class=\\"MuiGrid-root MuiGrid-item\\"><h1 class=\\"word_id\\">800</h1></div><div class=\\"MuiGrid-root MuiGrid-container MuiGrid-item MuiGrid-grid-xs-12 MuiGrid-grid-sm-true\\"><div class=\\"MuiGrid-root MuiGrid-container MuiGrid-spacing-xs-2 MuiGrid-item MuiGrid-direction-xs-column MuiGrid-grid-xs-true\\"><div class=\\"MuiGrid-root MuiGrid-item MuiGrid-grid-xs-true\\"><h3 class=\\"word_word\\">sucess_word_8_0</h3><h3 class=\\"word_meaning\\">success_meaning_8_0</h3></div></div></div></div></div><div class=\\"MuiPaper-root MuiPaper-elevation1 makeStyles-paper-3 MuiPaper-rounded\\" id=\\"900\\"><div class=\\"MuiGrid-root MuiGrid-container MuiGrid-spacing-xs-2\\"><div class=\\"MuiGrid-root MuiGrid-item\\"><h1 class=\\"word_id\\">900</h1></div><div class=\\"MuiGrid-root MuiGrid-container MuiGrid-item MuiGrid-grid-xs-12 MuiGrid-grid-sm-true\\"><div class=\\"MuiGrid-root MuiGrid-container MuiGrid-spacing-xs-2 MuiGrid-item MuiGrid-direction-xs-column MuiGrid-grid-xs-true\\"><div class=\\"MuiGrid-root MuiGrid-item MuiGrid-grid-xs-true\\"><h3 class=\\"word_word\\">sucess_word_9_0</h3><h3 class=\\"word_meaning\\">success_meaning_9_0</h3></div></div></div></div></div><div class=\\"MuiPaper-root MuiPaper-elevation1 makeStyles-paper-3 MuiPaper-rounded\\" id=\\"1000\\"><div class=\\"MuiGrid-root MuiGrid-container MuiGrid-spacing-xs-2\\"><div class=\\"MuiGrid-root MuiGrid-item\\"><h1 class=\\"word_id\\">1000</h1></div><div class=\\"MuiGrid-root MuiGrid-container MuiGrid-item MuiGrid-grid-xs-12 MuiGrid-grid-sm-true\\"><div class=\\"MuiGrid-root MuiGrid-container MuiGrid-spacing-xs-2 MuiGrid-item MuiGrid-direction-xs-column MuiGrid-grid-xs-true\\"><div class=\\"MuiGrid-root MuiGrid-item MuiGrid-grid-xs-true\\"><h3 class=\\"word_word\\">sucess_word_10_0</h3><h3 class=\\"word_meaning\\">success_meaning_10_0</h3></div></div></div></div></div></div>"`;

exports[`<WordListContainer /> render error message when data loading failed 1`] = `"<div class=\\"makeStyles-wordListContainer-285\\"><div class=\\"MuiContainer-root makeStyles-loadingMessage-287 MuiContainer-maxWidthLg\\" id=\\"loadingErrorMessage\\">Something went wrong...</div></div>"`;
